Environment variables loaded from .env
Prisma schema loaded from prisma\schema.prisma
Datasource "db": PostgreSQL database "toktickit_e2e", schema "public" at "localhost:5432"

9 migrations found in prisma/migrations


No pending migrations to apply.
node:internal/modules/run_main:107
    triggerUncaughtException(
    ^

AssertionError [ERR_ASSERTION]: Expected values to be strictly deep-equal:
+ actual - expected

+ [
+   'Failed to load resource: the server responded with a status of 401 (Unauthorized)',
+   'Failed to load resource: the server responded with a status of 401 (Unauthorized)'
+ ]
- []

    at <anonymous> (C:\CPE\CPE334\MINE\tmp\lab4-dashboard-parity.mts:115:42) {
  generatedMessage: true,
  code: 'ERR_ASSERTION',
  actual: [
    'Failed to load resource: the server responded with a status of 401 (Unauthorized)',
    'Failed to load resource: the server responded with a status of 401 (Unauthorized)'
  ],
  expected: [],
  operator: 'deepStrictEqual',
  diff: 'simple'
}

Node.js v24.14.0
